// Jest Snapshot v1, https://goo.gl/fbAQLP

exports[`<Box> component should match snapshot 1`] = `
<div
  className="box"
  onClick={[Function]}
>
  1
</div>
`;
