// Jest Snapshot v1, https://goo.gl/fbAQLP

exports[`<Home /> component should match snapshot 1`] = `
<Box
  onClick={[Function]}
>
  1
</Box>
`;
