// Jest Snapshot v1, https://goo.gl/fbAQLP

exports[`<App> component should call hook 1`] = `
<App>
  <div
    className="App"
  >
    <Box
      onClick={[Function]}
    >
      <div
        className="box"
        onClick={[Function]}
      >
        1
      </div>
    </Box>
  </div>
</App>
`;
